Menu:
	r to find a route
	b to see a list of all buildings
	q to quit

Enter an option ('m' to see the menu): # Verify that the program finds and correctly outputs the shortest path from
# CSE to PAB.
Abbreviated name of starting building: Abbreviated name of ending building: Path from Bagley Hall (East Entrance) to Bagley Hall (Northeast Entrance):
	Walk 21 feet NE to (1923, 1705)
	Walk 148 feet NW to (1894, 1641)
	Walk 47 feet SW to (1873, 1650)
	Walk 25 feet SE to (1878, 1661)
Total distance: 241 feet

Enter an option ('m' to see the menu): 
# All of your test scripts should end with q to terminate the program.
